// Vitest Snapshot v1, https://vitest.dev/guide/snapshot.html

exports[`preserves the complete tool contracts with writes=false 1`] = `
{
  "count": 23,
  "hash": "eb06ffb7b685a7805b3a8844d1099fd6541da93478d99e3ff3727abffb7da542",
  "writes": false,
}
`;

exports[`preserves the complete tool contracts with writes=true 1`] = `
{
  "count": 25,
  "hash": "4f80f310cfe1f87808f854c60920d85cefad2f6f87e1fbb96022c56a18d7310a",
  "writes": true,
}
`;
