// Vitest Snapshot v1, https://vitest.dev/guide/snapshot.html

exports[`preserves the complete tool contracts with writes=false 1`] = `
{
  "count": 23,
  "hash": "af7b4408ac88a0eda1af5d9c7079a73766323331bdb3377d4f8100782855acbf",
  "writes": false,
}
`;

exports[`preserves the complete tool contracts with writes=true 1`] = `
{
  "count": 25,
  "hash": "98af2252c0b4126f3118d8869b32186f2acad77b06e747075a4c51a5cc506508",
  "writes": true,
}
`;
